[move]	board::PieceType: 5
[move]	board::PieceType: 5
[move]	board::PieceType: 4
[move]	board::PieceType: 4
[move]	board::PieceType: 3
[move]	board::PieceType: 4
[move]	board::PieceType: 4
[move]	board::PieceType: 5
[move]	board::PieceType: 5
[piece_taken]	 piece: 5 file: 4 rank: 5
[move]	board::PieceType: 4
[piece_taken]	 piece: 5 file: 4 rank: 5
[move]	board::PieceType: 4
[piece_taken]	 piece: 5 file: 6 rank: 7
[move]	board::PieceType: 0
[piece_taken]	 piece: 4 file: 6 rank: 7
