[move]	board::PieceType: 5
[move]	board::PieceType: 5
[move]	board::PieceType: 5
[move]	board::PieceType: 5
[move]	board::PieceType: 4
[move]	board::PieceType: 4
[move]	board::PieceType: 5
[move]	board::PieceType: 5
[move]	board::PieceType: 3
[move]	board::PieceType: 4
[move]	board::PieceType: 4
[move]	board::PieceType: 3
[move]	board::PieceType: 0
[kingside castling]	color: 0
[move]	board::PieceType: 0
[kingside castling]	color: 1
