[move]	board::PieceType: 5
[move]	board::PieceType: 5
[move]	board::PieceType: 4
[move]	board::PieceType: 4
[move]	board::PieceType: 5
[move]	board::PieceType: 5
[piece_taken]	 piece: 5 file: 4 rank: 4
[move]	board::PieceType: 5
[move]	board::PieceType: 4
[move]	board::PieceType: 1
[piece_taken]	 piece: 5 file: 4 rank: 4
[move]	board::PieceType: 4
[move]	board::PieceType: 4
[move]	board::PieceType: 4
[move]	board::PieceType: 1
[move]	board::PieceType: 3
[move]	board::PieceType: 3
