[move]	board::PieceType: 5
[move]	board::PieceType: 4
[move]	board::PieceType: 5
[move]	board::PieceType: 5
[move]	board::PieceType: 4
[move]	board::PieceType: 3
